
[04.09.2026 22:58:29,37] PS5 Controller Disconnected 
[04.09.2026 22:59:13,44] PS5 Controller Connected 
[04.09.2026 22:59:14,35] PS5 Controller Connected 
[04.09.2026 22:59:59,56] PS5 Controller Disconnected 
[04.09.2026 23:05:09,04] PS5 Controller Connected 
[04.09.2026 23:10:10,40] PS5 Controller Disconnected 
[04.09.2026 23:17:09,62] PS5 Controller Disconnected 
[04.09.2026 23:18:00,54] PS5 Controller Connected 
[04.09.2026 23:20:33,27] PS5 Controller Connected 
[04.09.2026 23:21:39,27] PS5 Controller Connected 
[04.09.2026 23:23:02,46] PS5 Controller Disconnected 
[04.09.2026 23:23:36,24] PS5 Controller Disconnected 
[04.09.2026 23:25:42,61] PS5 Controller Disconnected 
[04.09.2026 23:31:23,92] PS5 Controller Disconnected 
[04.09.2026 23:33:16,40] PS5 Controller Disconnected 
[04.09.2026 23:33:37,07] PS5 Controller Disconnected 
[04.09.2026 23:35:50,74] PS5 Controller Disconnected 
[04.09.2026 23:36:02,62] PS5 Controller Connected 
[04.09.2026 23:37:05,70] PS5 Controller Disconnected 
[04.09.2026 23:43:36,25] PS5 Controller Disconnected 
[04.09.2026 23:44:08,17] PS5 Controller Connected 
[04.09.2026 23:44:23,32] PS5 Controller Disconnected 
[05.09.2026  0:01:01,82] PS5 Controller Disconnected 
[05.09.2026  0:01:34,58] PS5 Controller Connected 
[05.09.2026  0:09:01,37] PS5 Controller Disconnected 
[05.09.2026  0:09:19,48] PS5 Controller Connected 
[05.09.2026  0:15:49,39] PS5 Controller Disconnected 
[05.09.2026  0:17:11,45] PS5 Controller Connected 
[05.09.2026  0:35:41,08] PS5 Controller Disconnected 
[05.09.2026  9:41:20,78] PS5 Controller Disconnected 
[05.09.2026 13:41:43,76] PS5 Controller Connected 
[05.09.2026 13:42:29,83] PS5 Controller Disconnected 
[05.09.2026 13:42:34,92] PS5 Controller Connected 
[05.09.2026 21:38:34,19] PS5 Controller Disconnected 
[05.09.2026 21:58:22,99] PS5 Controller Connected 
[05.09.2026 22:05:51,12] PS5 Controller Disconnected 
[2026-09-05 22:18:49] Controller check started
[2026-09-05 22:18:50] Controller check detected: False
[05.09.2026 22:18:50,59] PS5 Controller Disconnected 
[2026-09-05 22:18:51] Controller check started
[2026-09-05 22:18:51] Controller check detected: False
[2026-09-05 22:18:51] Controller check started
[2026-09-05 22:18:52] Controller check detected: False
[2026-09-05 22:18:53] Controller check started
[2026-09-05 22:18:53] Controller check detected: False
[2026-09-05 22:18:54] Controller check started
[2026-09-05 22:18:54] Controller check detected: False
[2026-09-05 22:18:55] Controller check started
[2026-09-05 22:18:55] Controller check detected: False
[2026-09-05 22:18:56] Controller check started
[2026-09-05 22:18:56] Controller check detected: False
[2026-09-05 22:18:57] Controller check started
[2026-09-05 22:18:57] Controller check detected: False
[2026-09-05 22:18:58] Controller check started
[2026-09-05 22:18:58] Controller check detected: False
[2026-09-05 22:18:59] Controller check started
[2026-09-05 22:18:59] Controller check detected: False
[2026-09-05 22:19:00] Controller check started
[2026-09-05 22:19:00] Controller check detected: False
[2026-09-05 22:19:01] Controller check started
[2026-09-05 22:19:01] Controller check detected: False
[2026-09-05 22:19:02] Controller check started
[2026-09-05 22:19:02] Controller check detected: False
[05.09.2026 22:19:04,41] PS5 Controller Disconnected 
[05.09.2026 22:20:05,16] PS5 Controller Connected 
